// Jest Snapshot v1, https://goo.gl/fbAQLP

exports[`<Button /> Should be able to render a button 1`] = `
.c0 {
  margin-top: 4rem;
  width: 100%;
  height: 4rem;
  border: 0;
  background: #3CDC8C;
  border-radius: 1.5rem;
  padding: 0.8rem 3.2rem;
  color: #fff;
  font-weight: 800;
  display: -webkit-box;
  display: -webkit-flex;
  display: -ms-flexbox;
  display: flex;
  -webkit-box-pack: center;
  -webkit-justify-content: center;
  -ms-flex-pack: center;
  justify-content: center;
  -webkit-align-items: center;
  -webkit-box-align: center;
  -ms-flex-align: center;
  align-items: center;
  -webkit-transition: background-color 0.1s ease-in-out;
  transition: background-color 0.1s ease-in-out;
}

.c0:not(:disabled):hover {
  background: #36cf82;
}

<button
  class="c0"
>
  Button
</button>
`;
